// Jest Snapshot v1, https://goo.gl/fbAQLP

exports[`App component renders a App 1`] = `
<Fragment>
  <img
    src="fjsdkfjl"
  />
  <p>
    me
  </p>
  <p>
    shanana
  </p>
</Fragment>
`;
